
cscuser@L01-HP12 MINGW64 ~ (master)
$ cd e:

cscuser@L01-HP12 MINGW64 /e
$ cd 2016csc031

cscuser@L01-HP12 MINGW64 /e/2016csc031
$ git push origin master
fatal: not a git repository (or any of the parent directories): .git

cscuser@L01-HP12 MINGW64 /e/2016csc031
$ cd GitTutorials/

cscuser@L01-HP12 MINGW64 /e/2016csc031/GitTutorials (master)
$ git push origin master
Enumerating objects: 3, done.
Counting objects: 100% (3/3), done.
Writing objects: 100% (3/3), 230 bytes | 230.00 KiB/s, done.
Total 3 (delta 0), reused 0 (delta 0)
To https://github.com/Ajanthy/GitTutorials.git
 * [new branch]      master -> master

cscuser@L01-HP12 MINGW64 /e/2016csc031/GitTutorials (master)
$ git diff
diff --git a/gitcommands.txt b/gitcommands.txt
index e69de29..af3d092 100644
--- a/gitcommands.txt
+++ b/gitcommands.txt
@@ -0,0 +1 @@
+Hi This is Ajanthy
\ No newline at end of file

cscuser@L01-HP12 MINGW64 /e/2016csc031/GitTutorials (master)
$ git log
commit b2ff6b400f1e4d98b439e3ec94d8141c12876300 (HEAD -> master, origin/master)
Author: Ajanthy <ajanthyjaya@gmail.com>
Date:   Fri Jul 5 04:49:40 2019 +0530

    Add new file : gitcommands.txt

cscuser@L01-HP12 MINGW64 /e/2016csc031/GitTutorials (master)
$ cd
.git/                        gitcommands.txt
bash.exe.stackdump           RapidApplicationDevelopment/

cscuser@L01-HP12 MINGW64 /e/2016csc031/GitTutorials (master)
$ cd RapidApplicationDevelopment/

cscuser@L01-HP12 MINGW64 /e/2016csc031/GitTutorials/RapidApplicationDevelopment (master)
$ cd Module1/

cscuser@L01-HP12 MINGW64 /e/2016csc031/GitTutorials/RapidApplicationDevelopment/Module1 (master)
$ touch index.html

cscuser@L01-HP12 MINGW64 /e/2016csc031/GitTutorials/RapidApplicationDevelopment/Module1 (master)
$ git add index,html
fatal: pathspec 'index,html' did not match any files

cscuser@L01-HP12 MINGW64 /e/2016csc031/GitTutorials/RapidApplicationDevelopment/Module1 (master)
$ git add index.html

cscuser@L01-HP12 MINGW64 /e/2016csc031/GitTutorials/RapidApplicationDevelopment/Module1 (master)
$ git status
On branch master
Your branch is up to date with 'origin/master'.

Changes to be committed:
  (use "git reset HEAD <file>..." to unstage)

        new file:   index.html

Changes not staged for commit:
  (use "git add <file>..." to update what will be committed)
  (use "git checkout -- <file>..." to discard changes in working directory)

        modified:   ../../gitcommands.txt

Untracked files:
  (use "git add <file>..." to include in what will be committed)

        ../../bash.exe.stackdump


cscuser@L01-HP12 MINGW64 /e/2016csc031/GitTutorials/RapidApplicationDevelopment/Module1 (master)
$ git commit -m @Add a new file : index.html@
error: pathspec 'a' did not match any file(s) known to git
error: pathspec 'new' did not match any file(s) known to git
error: pathspec 'file' did not match any file(s) known to git
error: pathspec 'index.html@' did not match any file(s) known to git

cscuser@L01-HP12 MINGW64 /e/2016csc031/GitTutorials/RapidApplicationDevelopment/Module1 (master)
$ git commit -m @Add a new file : index.html"
> ^C

cscuser@L01-HP12 MINGW64 /e/2016csc031/GitTutorials/RapidApplicationDevelopment/Module1 (master)
$ git commit -m "Add a new file : index.html"
[master 2b9d3cf] Add a new file : index.html
 1 file changed, 0 insertions(+), 0 deletions(-)
 create mode 100644 RapidApplicationDevelopment/Module1/index.html

cscuser@L01-HP12 MINGW64 /e/2016csc031/GitTutorials/RapidApplicationDevelopment/Module1 (master)
$ git push
Enumerating objects: 5, done.
Counting objects: 100% (5/5), done.
Delta compression using up to 4 threads
Compressing objects: 100% (2/2), done.
Writing objects: 100% (4/4), 394 bytes | 394.00 KiB/s, done.
Total 4 (delta 0), reused 0 (delta 0)
To https://github.com/Ajanthy/GitTutorials.git
   b2ff6b4..2b9d3cf  master -> master

cscuser@L01-HP12 MINGW64 /e/2016csc031/GitTutorials/RapidApplicationDevelopment/Module1 (master)
$ cd..
bash: cd..: command not found

cscuser@L01-HP12 MINGW64 /e/2016csc031/GitTutorials/RapidApplicationDevelopment/Module1 (master)
$ cd Module2
bash: cd: Module2: No such file or directory

cscuser@L01-HP12 MINGW64 /e/2016csc031/GitTutorials/RapidApplicationDevelopment/Module1 (master)
$ cd e:

cscuser@L01-HP12 MINGW64 /e
$ cd
$RECYCLE.BIN/              Test1/
2016csc031/                Test2/
Deeplearner/               Test3/
System Volume Information/

cscuser@L01-HP12 MINGW64 /e
$ cd 2016csc031/

cscuser@L01-HP12 MINGW64 /e/2016csc031
$ cd GitTutorials/

cscuser@L01-HP12 MINGW64 /e/2016csc031/GitTutorials (master)
$ git push
Everything up-to-date

cscuser@L01-HP12 MINGW64 /e/2016csc031/GitTutorials (master)
$ cd RapidApplicationDevelopment/

cscuser@L01-HP12 MINGW64 /e/2016csc031/GitTutorials/RapidApplicationDevelopment (master)
$ git add Module2

cscuser@L01-HP12 MINGW64 /e/2016csc031/GitTutorials/RapidApplicationDevelopment (master)
$ git commit -m "Add a new directory module2"
On branch master
Your branch is up to date with 'origin/master'.

Changes not staged for commit:
        modified:   ../gitcommands.txt

Untracked files:
        ../bash.exe.stackdump

no changes added to commit

cscuser@L01-HP12 MINGW64 /e/2016csc031/GitTutorials/RapidApplicationDevelopment (master)
$ git push
Everything up-to-date

cscuser@L01-HP12 MINGW64 /e/2016csc031/GitTutorials/RapidApplicationDevelopment (master)
$ cd Module1

cscuser@L01-HP12 MINGW64 /e/2016csc031/GitTutorials/RapidApplicationDevelopment/Module1 (master)
$ cd ..

cscuser@L01-HP12 MINGW64 /e/2016csc031/GitTutorials/RapidApplicationDevelopment (master)
$ cd ../../

cscuser@L01-HP12 MINGW64 /e/2016csc031
$ cd GitTutorials/

cscuser@L01-HP12 MINGW64 /e/2016csc031/GitTutorials (master)
$ git add RapidApplicationDevelopment/

cscuser@L01-HP12 MINGW64 /e/2016csc031/GitTutorials (master)
$ git status
On branch master
Your branch is up to date with 'origin/master'.

Changes not staged for commit:
  (use "git add <file>..." to update what will be committed)
  (use "git checkout -- <file>..." to discard changes in working directory)

        modified:   gitcommands.txt

Untracked files:
  (use "git add <file>..." to include in what will be committed)

        bash.exe.stackdump

no changes added to commit (use "git add" and/or "git commit -a")

cscuser@L01-HP12 MINGW64 /e/2016csc031/GitTutorials (master)
$ git commit -m "Modified : gitcommands.txt"
On branch master
Your branch is up to date with 'origin/master'.

Changes not staged for commit:
        modified:   gitcommands.txt

Untracked files:
        bash.exe.stackdump

no changes added to commit

cscuser@L01-HP12 MINGW64 /e/2016csc031/GitTutorials (master)
$ git status
On branch master
Your branch is up to date with 'origin/master'.

Changes not staged for commit:
  (use "git add <file>..." to update what will be committed)
  (use "git checkout -- <file>..." to discard changes in working directory)

        modified:   gitcommands.txt

Untracked files:
  (use "git add <file>..." to include in what will be committed)

        bash.exe.stackdump

no changes added to commit (use "git add" and/or "git commit -a")

cscuser@L01-HP12 MINGW64 /e/2016csc031/GitTutorials (master)
$ git push
Everything up-to-date

cscuser@L01-HP12 MINGW64 /e/2016csc031/GitTutorials (master)
$ git status
On branch master
Your branch is up to date with 'origin/master'.

Changes not staged for commit:
  (use "git add <file>..." to update what will be committed)
  (use "git checkout -- <file>..." to discard changes in working directory)

        modified:   gitcommands.txt

Untracked files:
  (use "git add <file>..." to include in what will be committed)

        bash.exe.stackdump

no changes added to commit (use "git add" and/or "git commit -a")

cscuser@L01-HP12 MINGW64 /e/2016csc031/GitTutorials (master)
$ git push
Everything up-to-date

cscuser@L01-HP12 MINGW64 /e/2016csc031/GitTutorials (master)
$ git status
On branch master
Your branch is up to date with 'origin/master'.

Changes not staged for commit:
  (use "git add <file>..." to update what will be committed)
  (use "git checkout -- <file>..." to discard changes in working directory)

        modified:   gitcommands.txt

no changes added to commit (use "git add" and/or "git commit -a")

cscuser@L01-HP12 MINGW64 /e/2016csc031/GitTutorials (master)
$ git diff
diff --git a/gitcommands.txt b/gitcommands.txt
index e69de29..a26c985 100644
--- a/gitcommands.txt
+++ b/gitcommands.txt
@@ -0,0 +1,25 @@
+Task 1
+=======
+Create a directory RapidApplicationDevelopment
+
+Go to the directory RapidApplicationDevelopment
+
+Create another directory call Module1
+
+Go to your directory module
+
+Create a file index.html
+
+Add this file to your github account
+
+Modify the index.html as a welcome page of your module
+
+If you have use any .css and .js files for the design
+
+Create a directory resources inside module1
+
+Inside the resources create two directories css, js
+
+Move your .css and .js files inside those directory
+
+Push all of your changes to your remote github account.
...skipping...
+Create a directory RapidApplicationDevelopment
+
+Go to the directory RapidApplicationDevelopment
+
+Create another directory call Module1
+
+Go to your directory module
+
+Create a file index.html
+
+Add this file to your github account
+
+Modify the index.html as a welcome page of your module
+
+If you have use any .css and .js files for the design
+
+Create a directory resources inside module1
+
+Inside the resources create two directories css, js
+
+Move your .css and .js files inside those directory
+
+Push all of your changes to your remote github account.
(END)

cscuser@L01-HP12 MINGW64 /e/2016csc031/GitTutorials (master)


cscuser@L01-HP12 MINGW64 /e/2016csc031/GitTutorials (master)
$

cscuser@L01-HP12 MINGW64 /e/2016csc031/GitTutorials (master)
$

cscuser@L01-HP12 MINGW64 /e/2016csc031/GitTutorials (master)
$ git push
Everything up-to-date

cscuser@L01-HP12 MINGW64 /e/2016csc031/GitTutorials (master)
$ git add RapidApplicationDevelopment/

cscuser@L01-HP12 MINGW64 /e/2016csc031/GitTutorials (master)
$ git commit -m " Resources added"
On branch master
Your branch is up to date with 'origin/master'.

Changes not staged for commit:
        modified:   gitcommands.txt

no changes added to commit

cscuser@L01-HP12 MINGW64 /e/2016csc031/GitTutorials (master)
$ git push
Everything up-to-date

cscuser@L01-HP12 MINGW64 /e/2016csc031/GitTutorials (master)
$ git add RapidApplicationDevelopment/

cscuser@L01-HP12 MINGW64 /e/2016csc031/GitTutorials (master)
$ git commit -m " CSS and JS added"
[master 64645df]  CSS and JS added
 2 files changed, 0 insertions(+), 0 deletions(-)
 create mode 100644 RapidApplicationDevelopment/Module1/resources/css/text.css
 create mode 100644 RapidApplicationDevelopment/Module1/resources/js/test.js

cscuser@L01-HP12 MINGW64 /e/2016csc031/GitTutorials (master)
$ git push
Enumerating objects: 10, done.
Counting objects: 100% (10/10), done.
Delta compression using up to 4 threads
Compressing objects: 100% (4/4), done.
Writing objects: 100% (7/7), 584 bytes | 292.00 KiB/s, done.
Total 7 (delta 0), reused 0 (delta 0)
To https://github.com/Ajanthy/GitTutorials.git
   2b9d3cf..64645df  master -> master

cscuser@L01-HP12 MINGW64 /e/2016csc031/GitTutorials (master)
$
